$ NG_CLI_ANALYTICS=false ng serve --port 4700
❯ Building...
✔ Building...
Initial chunk files | Names                    |  Raw size
styles.css          | styles                   | 173.52 kB |
main.js             | main                     |  17.69 kB |
chunk-CGKGWTPK.js   | -                        |   3.14 kB |
chunk-3TDPNUI5.js   | -                        |   1.94 kB |
chunk-DI463QPF.js   | -                        |   1.58 kB |
chunk-HBGDH4TH.js   | -                        |   1.52 kB |
chunk-VUJOFXKG.js   | -                        | 938 bytes |
chunk-FNRXFYQJ.js   | -                        | 778 bytes |

                    | Initial total            | 201.10 kB

Lazy chunk files    | Names                    |  Raw size
chunk-RJFCXLQY.js   | session-detail-component | 127.52 kB |
chunk-RWDPSYSV.js   | session-list-component   |  62.40 kB |
chunk-35NPN7FS.js   | phase-two-component      |  58.38 kB |
chunk-LXY6S34F.js   | session-create-component |  45.62 kB |
chunk-IUMC4MJF.js   | dashboard-component      |  32.43 kB |
chunk-XSDUGGMD.js   | settings-component       |  25.13 kB |
chunk-LGSGOUYX.js   | user-form-component      |  19.36 kB |
chunk-HLL4JYUD.js   | user-list-component      |  18.09 kB |
chunk-BIHABOU2.js   | -                        |  13.98 kB |
chunk-IW6QGGIA.js   | -                        |   9.87 kB |
chunk-B62VGVJC.js   | -                        |   8.23 kB |
chunk-UI2VZNLO.js   | -                        |   6.31 kB |
chunk-AJ6WGKT5.js   | -                        |   4.75 kB |
chunk-7BTYQXGM.js   | -                        |   1.24 kB |

Application bundle generation complete. [5.394 seconds] - 2026-01-17T20:04:18.917Z

Watch mode enabled. Watching for file changes...
NOTE: Raw file sizes do not reflect development server per-request transformations.
  ➜  Local:   http://localhost:4700/
error: script "start" exited with code 143
