$ NG_CLI_ANALYTICS=false ng serve --port 4700
❯ Building...
✔ Building...
Initial chunk files | Names                    |  Raw size
styles.css          | styles                   | 173.61 kB |
main.js             | main                     |  17.69 kB |
chunk-CGKGWTPK.js   | -                        |   3.14 kB |
chunk-3TDPNUI5.js   | -                        |   1.94 kB |
chunk-DI463QPF.js   | -                        |   1.58 kB |
chunk-HBGDH4TH.js   | -                        |   1.52 kB |
chunk-VUJOFXKG.js   | -                        | 938 bytes |
chunk-FNRXFYQJ.js   | -                        | 778 bytes |

                    | Initial total            | 201.19 kB

Lazy chunk files    | Names                    |  Raw size
chunk-7HZUZMBH.js   | session-detail-component | 127.52 kB |
chunk-5Q2VTJP4.js   | session-list-component   |  62.40 kB |
chunk-35NPN7FS.js   | phase-two-component      |  58.38 kB |
chunk-LXY6S34F.js   | session-create-component |  45.62 kB |
chunk-IUMC4MJF.js   | dashboard-component      |  32.43 kB |
chunk-XSDUGGMD.js   | settings-component       |  25.13 kB |
chunk-FXPD6RUF.js   | user-list-component      |  22.71 kB |
chunk-YWABV3YP.js   | user-form-component      |  19.40 kB |
chunk-BIHABOU2.js   | -                        |  13.98 kB |
chunk-PYEYS4ZX.js   | -                        |  10.24 kB |
chunk-B62VGVJC.js   | -                        |   8.23 kB |
chunk-UI2VZNLO.js   | -                        |   6.31 kB |
chunk-AJ6WGKT5.js   | -                        |   4.75 kB |
chunk-7BTYQXGM.js   | -                        |   1.24 kB |

Application bundle generation complete. [5.910 seconds] - 2026-01-22T19:37:26.698Z

Watch mode enabled. Watching for file changes...
NOTE: Raw file sizes do not reflect development server per-request transformations.
  ➜  Local:   http://localhost:4700/
❯ Changes detected. Rebuilding...
✔ Changes detected. Rebuilding...
Initial chunk files | Names               |  Raw size
styles.css          | styles              | 174.07 kB |
main.js             | main                |  17.69 kB |

Lazy chunk files    | Names               |  Raw size
chunk-BDAYX63X.js   | user-list-component |  22.83 kB |

Application bundle generation complete. [2.338 seconds] - 2026-01-22T19:39:35.085Z

Stylesheet update sent to client(s).
Component update sent to client(s).
❯ Changes detected. Rebuilding...
✔ Changes detected. Rebuilding...
Initial chunk files | Names               |  Raw size
styles.css          | styles              | 174.26 kB |
main.js             | main                |  17.69 kB |

Lazy chunk files    | Names               |  Raw size
chunk-JB24N35S.js   | user-list-component |  22.84 kB |

Application bundle generation complete. [0.587 seconds] - 2026-01-22T19:40:10.161Z

Stylesheet update sent to client(s).
Component update sent to client(s).
error: script "start" exited with code 143
