$ ng serve
❯ Building...
✔ Building...
Browser bundles
Initial chunk files  | Names                    |  Raw size
styles.css           | styles                   | 176.41 kB |
main.js              | main                     |  18.64 kB |
chunk-CGKGWTPK.js    | -                        |   3.14 kB |
chunk-3TDPNUI5.js    | -                        |   1.94 kB |
chunk-VUJOFXKG.js    | -                        | 938 bytes |
chunk-RMUW4DTE.js    | -                        | 186 bytes |

                     | Initial total            | 201.25 kB

Lazy chunk files     | Names                    |  Raw size
chunk-PAJQ2JGA.js    | session-detail-component |  84.10 kB |
chunk-TB7W4UFH.js    | session-list-component   |  53.94 kB |
chunk-IUOUI3HY.js    | phase-two-component      |  52.61 kB |
chunk-KR4OGMDH.js    | session-create-component |  42.26 kB |
chunk-HKIIGEV2.js    | user-list-component      |  22.42 kB |
chunk-KBJD2SE7.js    | settings-component       |  21.62 kB |
chunk-7X5W7I4R.js    | dashboard-component      |  19.87 kB |
chunk-Q36OKU5M.js    | user-form-component      |  19.87 kB |
chunk-Q5WGOAY6.js    | -                        |  10.15 kB |
chunk-GN67NR3F.js    | -                        |   8.95 kB |
chunk-PUCRZJEO.js    | -                        |   2.42 kB |
chunk-S6QFMKYV.js    | -                        |   1.24 kB |


Server bundles
Initial chunk files  | Names                    |  Raw size
main.server.mjs      | main.server              |  20.01 kB |
chunk-N22CJCSA.mjs   | -                        |   3.17 kB |
chunk-JHHAAADJ.mjs   | -                        |   1.97 kB |
server.mjs           | server                   |   1.81 kB |
chunk-54EZUNS5.mjs   | -                        | 972 bytes |
polyfills.server.mjs | polyfills.server         | 243 bytes |
chunk-GVK2WSGF.mjs   | -                        | 221 bytes |

Lazy chunk files     | Names                    |  Raw size
chunk-RS46S763.mjs   | session-detail-component |  84.14 kB |
chunk-I5OWGUUA.mjs   | session-list-component   |  53.98 kB |
chunk-5OVLAQNF.mjs   | phase-two-component      |  52.64 kB |
chunk-OZZKSVC2.mjs   | session-create-component |  42.30 kB |
chunk-PBUQBTAS.mjs   | user-list-component      |  22.46 kB |
chunk-BJNBRK3S.mjs   | settings-component       |  21.66 kB |
chunk-4P6TQWFM.mjs   | dashboard-component      |  19.91 kB |
chunk-ZE6RN42S.mjs   | user-form-component      |  19.90 kB |
chunk-OWOF75PP.mjs   | -                        |  10.18 kB |
chunk-6QS6PDTU.mjs   | -                        |   8.99 kB |
chunk-52GHYZKN.mjs   | -                        |   2.45 kB |
chunk-MHVETFE4.mjs   | -                        |   1.28 kB |

Application bundle generation complete. [7.299 seconds] - 2025-12-31T19:35:12.309Z

Watch mode enabled. Watching for file changes...
NOTE: Raw file sizes do not reflect development server per-request transformations.
  ➜  Local:   http://localhost:4200/
❯ Changes detected. Rebuilding...
✔ Changes detected. Rebuilding...
Browser bundles
Initial chunk files | Names               | Raw size
main.js             | main                | 18.64 kB |

Lazy chunk files    | Names               | Raw size
chunk-V5JDGXP3.js   | user-list-component | 22.44 kB |


Server bundles
Initial chunk files | Names               | Raw size
main.server.mjs     | main.server         | 20.01 kB |

Lazy chunk files    | Names               | Raw size
chunk-4IM33MGZ.mjs  | user-list-component | 22.48 kB |

Application bundle generation complete. [2.213 seconds] - 2025-12-31T19:36:35.583Z

Page reload sent to client(s).
